{"productSlug":"test-session","title":"Test Session","subtitle":"Test subtitle","description":"Test description","thumbnailUrl":null,"price":100.00,"durationMinutes":15,"bufferTimeMinutes":15,"meetingInstructions":"Test instructions","timeZoneId":"Africa/Tunis","isPublished":true,"availabilitySlots":[{"id":4,"dayOfWeek":1,"startTime":"09:00:00","endTime":"12:00:00","isActive":true},{"id":5,"dayOfWeek":1,"startTime":"14:00:00","endTime":"17:00:00","isActive":true},{"id":6,"dayOfWeek":3,"startTime":"10:00:00","endTime":"16:00:00","isActive":true}],"createdAt":"2025-09-15T07:54:12.064346Z","updatedAt":null}
