{"productSlug":"original-session","storeSlug":"test-store","title":"1-on-1 Coaching Session","subtitle":"Personalized coaching","description":"A detailed coaching session tailored to your needs","price":100.0,"durationMinutes":30,"bufferTimeMinutes":15,"meetingInstructions":"Join the Zoom meeting 5 minutes early","timeZoneId":"Africa/Tunis","isPublished":true,"updatedAt":"2025-09-14T17:00:58.7178169Z"}
