{"productSlug":"test-session","title":"Test Session","subtitle":"Test subtitle","description":"Test description","thumbnailUrl":null,"price":100.00,"durationMinutes":15,"bufferTimeMinutes":15,"meetingInstructions":"Test instructions","timeZoneId":"Africa/Tunis","isPublished":true,"availabilitySlots":[{"id":2,"dayOfWeek":1,"startTime":"09:00:00","endTime":"12:00:00","isActive":true}],"createdAt":"2025-09-14T16:54:19.895764Z","updatedAt":null}
